Archive member included to satisfy reference by file (symbol)

/usr/share/gcc-arm-none-eabi-9-2020-q2-update/bin/../lib/gcc/arm-none-eabi/9.3.1/libgcc.a(_udivsi3.o)
                              build/stdio.o (__aeabi_uidiv)
/usr/share/gcc-arm-none-eabi-9-2020-q2-update/bin/../lib/gcc/arm-none-eabi/9.3.1/libgcc.a(_dvmd_tls.o)
                              /usr/share/gcc-arm-none-eabi-9-2020-q2-update/bin/../lib/gcc/arm-none-eabi/9.3.1/libgcc.a(_udivsi3.o) (__aeabi_idiv0)

Memory Configuration

Name             Origin             Length             Attributes
*default*        0x0000000000000000 0xffffffffffffffff

Linker script and memory map

LOAD build/Entry.os
LOAD build/Main.o
LOAD build/Handler.o
LOAD build/Regs.o
LOAD build/Interrupt.o
LOAD build/Uart.o
LOAD build/Timer.o
LOAD build/stdlib.o
LOAD build/stdio.o
LOAD build/armcpu.o
LOAD build/task.o
LOAD build/Kernel.o
LOAD /usr/share/gcc-arm-none-eabi-9-2020-q2-update/bin/../lib/gcc/arm-none-eabi/9.3.1/libgcc.a
                0x0000000000000000                . = 0x0

.text           0x0000000000000000     0x13d4
 *(vector_start)
 *(.text .rodata)
 .text          0x0000000000000000       0xd4 build/Entry.os
                0x0000000000000000                vector_start
                0x000000000000003c                vector_end
 .text          0x00000000000000d4      0x1a0 build/Main.o
                0x00000000000000d4                main
                0x00000000000001e4                User_task0
                0x0000000000000214                User_task1
                0x0000000000000244                User_task2
 .rodata        0x0000000000000274       0xe4 build/Main.o
 .text          0x0000000000000358       0x24 build/Handler.o
                0x0000000000000358                Irq_Handler
                0x0000000000000374                Fiq_Handler
 .text          0x000000000000037c        0x0 build/Regs.o
 .text          0x000000000000037c      0x2f8 build/Interrupt.o
                0x000000000000037c                Hal_interrupt_init
                0x0000000000000418                Hal_interrupt_enable
                0x00000000000004e4                Hal_interrupt_disable
                0x00000000000005b8                Hal_interrupt_register_handler
                0x00000000000005f0                Hal_interrupt_run_handler
 .text          0x0000000000000674      0x1b0 build/Uart.o
                0x0000000000000674                Hal_uart_init
                0x0000000000000714                Hal_uart_put_char
                0x0000000000000770                Hal_uart_get_char
 .text          0x0000000000000824      0x210 build/Timer.o
                0x0000000000000824                Hal_timer_init
                0x00000000000009c8                Hal_timer_get_1ms_counter
 .text          0x0000000000000a34       0x4c build/stdlib.o
                0x0000000000000a34                delay
 .text          0x0000000000000a80      0x454 build/stdio.o
                0x0000000000000a80                putstr
                0x0000000000000ae0                debug_printf
                0x0000000000000b30                vsprintf
                0x0000000000000db0                utoa
 .rodata        0x0000000000000ed4        0x7 build/stdio.o
 *fill*         0x0000000000000edb        0x1 
 .text          0x0000000000000edc       0xb0 build/armcpu.o
                0x0000000000000edc                enable_irq
                0x0000000000000f08                enable_fiq
                0x0000000000000f34                disable_irq
                0x0000000000000f60                disable_fiq
 .text          0x0000000000000f8c      0x308 build/task.o
                0x0000000000000f8c                Kernel_task_init
                0x0000000000001098                Kernel_task_start
                0x00000000000010d4                Kernel_task_create
                0x0000000000001168                Kernel_task_scheduler
                0x00000000000011c0                Kernel_task_context_switching
 .text          0x0000000000001294       0x28 build/Kernel.o
                0x0000000000001294                Kernel_start
                0x00000000000012a8                Kernel_yield
 .text          0x00000000000012bc      0x114 /usr/share/gcc-arm-none-eabi-9-2020-q2-update/bin/../lib/gcc/arm-none-eabi/9.3.1/libgcc.a(_udivsi3.o)
                0x00000000000012bc                __udivsi3
                0x00000000000012bc                __aeabi_uidiv
                0x00000000000013b0                __aeabi_uidivmod
 .text          0x00000000000013d0        0x4 /usr/share/gcc-arm-none-eabi-9-2020-q2-update/bin/../lib/gcc/arm-none-eabi/9.3.1/libgcc.a(_dvmd_tls.o)
                0x00000000000013d0                __aeabi_ldiv0
                0x00000000000013d0                __aeabi_idiv0

.glue_7         0x00000000000013d4        0x0
 .glue_7        0x00000000000013d4        0x0 linker stubs

.glue_7t        0x00000000000013d4        0x0
 .glue_7t       0x00000000000013d4        0x0 linker stubs

.vfp11_veneer   0x00000000000013d4        0x0
 .vfp11_veneer  0x00000000000013d4        0x0 linker stubs

.v4_bx          0x00000000000013d4        0x0
 .v4_bx         0x00000000000013d4        0x0 linker stubs

.iplt           0x00000000000013d4        0x0
 .iplt          0x00000000000013d4        0x0 build/Entry.os

.rel.dyn        0x00000000000013d4        0x0
 .rel.iplt      0x00000000000013d4        0x0 build/Entry.os

.data           0x00000000000013d4       0x10
 *(.data)
 .data          0x00000000000013d4        0x0 build/Entry.os
 .data          0x00000000000013d4        0x0 build/Main.o
 .data          0x00000000000013d4        0x0 build/Handler.o
 .data          0x00000000000013d4       0x10 build/Regs.o
                0x00000000000013d4                Uart
                0x00000000000013d8                GicCpu
                0x00000000000013dc                GicDist
                0x00000000000013e0                Timer
 .data          0x00000000000013e4        0x0 build/Interrupt.o
 .data          0x00000000000013e4        0x0 build/Uart.o
 .data          0x00000000000013e4        0x0 build/Timer.o
 .data          0x00000000000013e4        0x0 build/stdlib.o
 .data          0x00000000000013e4        0x0 build/stdio.o
 .data          0x00000000000013e4        0x0 build/armcpu.o
 .data          0x00000000000013e4        0x0 build/task.o
 .data          0x00000000000013e4        0x0 build/Kernel.o
 .data          0x00000000000013e4        0x0 /usr/share/gcc-arm-none-eabi-9-2020-q2-update/bin/../lib/gcc/arm-none-eabi/9.3.1/libgcc.a(_udivsi3.o)
 .data          0x00000000000013e4        0x0 /usr/share/gcc-arm-none-eabi-9-2020-q2-update/bin/../lib/gcc/arm-none-eabi/9.3.1/libgcc.a(_dvmd_tls.o)

.igot.plt       0x00000000000013e4        0x0
 .igot.plt      0x00000000000013e4        0x0 build/Entry.os

.bss            0x00000000000013e4      0x7a4
 *(.bss)
 .bss           0x00000000000013e4        0x0 build/Entry.os
 .bss           0x00000000000013e4        0x0 build/Main.o
 .bss           0x00000000000013e4        0x0 build/Handler.o
 .bss           0x00000000000013e4        0x0 build/Regs.o
 .bss           0x00000000000013e4      0x190 build/Interrupt.o
 .bss           0x0000000000001574        0x0 build/Uart.o
 .bss           0x0000000000001574        0x4 build/Timer.o
 .bss           0x0000000000001578        0x0 build/stdlib.o
 .bss           0x0000000000001578      0x400 build/stdio.o
 .bss           0x0000000000001978        0x0 build/armcpu.o
 .bss           0x0000000000001978      0x210 build/task.o
 .bss           0x0000000000001b88        0x0 build/Kernel.o
 .bss           0x0000000000001b88        0x0 /usr/share/gcc-arm-none-eabi-9-2020-q2-update/bin/../lib/gcc/arm-none-eabi/9.3.1/libgcc.a(_udivsi3.o)
 .bss           0x0000000000001b88        0x0 /usr/share/gcc-arm-none-eabi-9-2020-q2-update/bin/../lib/gcc/arm-none-eabi/9.3.1/libgcc.a(_dvmd_tls.o)
OUTPUT(build/navilos.axf elf32-littlearm)
LOAD linker stubs

.ARM.attributes
                0x0000000000000000       0x2d
 .ARM.attributes
                0x0000000000000000       0x1f build/Entry.os
 .ARM.attributes
                0x000000000000001f       0x31 build/Main.o
 .ARM.attributes
                0x0000000000000050       0x31 build/Handler.o
 .ARM.attributes
                0x0000000000000081       0x37 build/Regs.o
 .ARM.attributes
                0x00000000000000b8       0x31 build/Interrupt.o
 .ARM.attributes
                0x00000000000000e9       0x31 build/Uart.o
 .ARM.attributes
                0x000000000000011a       0x31 build/Timer.o
 .ARM.attributes
                0x000000000000014b       0x31 build/stdlib.o
 .ARM.attributes
                0x000000000000017c       0x31 build/stdio.o
 .ARM.attributes
                0x00000000000001ad       0x31 build/armcpu.o
 .ARM.attributes
                0x00000000000001de       0x31 build/task.o
 .ARM.attributes
                0x000000000000020f       0x31 build/Kernel.o
 .ARM.attributes
                0x0000000000000240       0x1c /usr/share/gcc-arm-none-eabi-9-2020-q2-update/bin/../lib/gcc/arm-none-eabi/9.3.1/libgcc.a(_udivsi3.o)
 .ARM.attributes
                0x000000000000025c       0x1c /usr/share/gcc-arm-none-eabi-9-2020-q2-update/bin/../lib/gcc/arm-none-eabi/9.3.1/libgcc.a(_dvmd_tls.o)

.comment        0x0000000000000000       0x4c
 .comment       0x0000000000000000       0x4c build/Main.o
                                         0x4d (size before relaxing)
 .comment       0x000000000000004c       0x4d build/Handler.o
 .comment       0x000000000000004c       0x4d build/Regs.o
 .comment       0x000000000000004c       0x4d build/Interrupt.o
 .comment       0x000000000000004c       0x4d build/Uart.o
 .comment       0x000000000000004c       0x4d build/Timer.o
 .comment       0x000000000000004c       0x4d build/stdlib.o
 .comment       0x000000000000004c       0x4d build/stdio.o
 .comment       0x000000000000004c       0x4d build/armcpu.o
 .comment       0x000000000000004c       0x4d build/task.o
 .comment       0x000000000000004c       0x4d build/Kernel.o

.debug_line     0x0000000000000000      0xdd7
 .debug_line    0x0000000000000000       0x6d build/Entry.os
 .debug_line    0x000000000000006d      0x179 build/Main.o
 .debug_line    0x00000000000001e6       0x4e build/Handler.o
 .debug_line    0x0000000000000234      0x109 build/Regs.o
 .debug_line    0x000000000000033d      0x1bf build/Interrupt.o
 .debug_line    0x00000000000004fc      0x18f build/Uart.o
 .debug_line    0x000000000000068b      0x17d build/Timer.o
 .debug_line    0x0000000000000808      0x10b build/stdlib.o
 .debug_line    0x0000000000000913      0x227 build/stdio.o
 .debug_line    0x0000000000000b3a       0x69 build/armcpu.o
 .debug_line    0x0000000000000ba3      0x1e8 build/task.o
 .debug_line    0x0000000000000d8b       0x4c build/Kernel.o

.debug_info     0x0000000000000000     0x3130
 .debug_info    0x0000000000000000       0x26 build/Entry.os
 .debug_info    0x0000000000000026      0x14b build/Main.o
 .debug_info    0x0000000000000171       0x90 build/Handler.o
 .debug_info    0x0000000000000201     0x1267 build/Regs.o
 .debug_info    0x0000000000001468      0x6b2 build/Interrupt.o
 .debug_info    0x0000000000001b1a      0xbf2 build/Uart.o
 .debug_info    0x000000000000270c      0x2e0 build/Timer.o
 .debug_info    0x00000000000029ec       0xb4 build/stdlib.o
 .debug_info    0x0000000000002aa0      0x2e9 build/stdio.o
 .debug_info    0x0000000000002d89       0x6e build/armcpu.o
 .debug_info    0x0000000000002df7      0x2a9 build/task.o
 .debug_info    0x00000000000030a0       0x90 build/Kernel.o

.debug_abbrev   0x0000000000000000      0xa38
 .debug_abbrev  0x0000000000000000       0x14 build/Entry.os
 .debug_abbrev  0x0000000000000014       0xc1 build/Main.o
 .debug_abbrev  0x00000000000000d5       0x5e build/Handler.o
 .debug_abbrev  0x0000000000000133      0x11a build/Regs.o
 .debug_abbrev  0x000000000000024d      0x19c build/Interrupt.o
 .debug_abbrev  0x00000000000003e9      0x19d build/Uart.o
 .debug_abbrev  0x0000000000000586      0x132 build/Timer.o
 .debug_abbrev  0x00000000000006b8       0x75 build/stdlib.o
 .debug_abbrev  0x000000000000072d      0x131 build/stdio.o
 .debug_abbrev  0x000000000000085e       0x2e build/armcpu.o
 .debug_abbrev  0x000000000000088c      0x168 build/task.o
 .debug_abbrev  0x00000000000009f4       0x44 build/Kernel.o

.debug_aranges  0x0000000000000000      0x178
 .debug_aranges
                0x0000000000000000       0x20 build/Entry.os
 .debug_aranges
                0x0000000000000020       0x20 build/Main.o
 .debug_aranges
                0x0000000000000040       0x20 build/Handler.o
 .debug_aranges
                0x0000000000000060       0x18 build/Regs.o
 .debug_aranges
                0x0000000000000078       0x20 build/Interrupt.o
 .debug_aranges
                0x0000000000000098       0x20 build/Uart.o
 .debug_aranges
                0x00000000000000b8       0x20 build/Timer.o
 .debug_aranges
                0x00000000000000d8       0x20 build/stdlib.o
 .debug_aranges
                0x00000000000000f8       0x20 build/stdio.o
 .debug_aranges
                0x0000000000000118       0x20 build/armcpu.o
 .debug_aranges
                0x0000000000000138       0x20 build/task.o
 .debug_aranges
                0x0000000000000158       0x20 build/Kernel.o

.debug_str      0x0000000000000000      0xafd
 .debug_str     0x0000000000000000       0x25 build/Entry.os
 .debug_str     0x0000000000000025      0x127 build/Main.o
                                        0x16e (size before relaxing)
 .debug_str     0x000000000000014c       0x27 build/Handler.o
                                        0x12e (size before relaxing)
 .debug_str     0x0000000000000173      0x5ac build/Regs.o
                                        0x6ce (size before relaxing)
 .debug_str     0x000000000000071f       0xc7 build/Interrupt.o
                                        0x3e9 (size before relaxing)
 .debug_str     0x00000000000007e6       0x63 build/Uart.o
                                        0x478 (size before relaxing)
 .debug_str     0x0000000000000849       0x58 build/Timer.o
                                        0x27b (size before relaxing)
 .debug_str     0x00000000000008a1       0x18 build/stdlib.o
                                        0x133 (size before relaxing)
 .debug_str     0x00000000000008b9       0x86 build/stdio.o
                                        0x1c7 (size before relaxing)
 .debug_str     0x000000000000093f       0x3b build/armcpu.o
                                         0xbe (size before relaxing)
 .debug_str     0x000000000000097a      0x159 build/task.o
                                        0x286 (size before relaxing)
 .debug_str     0x0000000000000ad3       0x2a build/Kernel.o
                                        0x131 (size before relaxing)

.debug_frame    0x0000000000000000      0x560
 .debug_frame   0x0000000000000000       0xbc build/Main.o
 .debug_frame   0x00000000000000bc       0x50 build/Handler.o
 .debug_frame   0x000000000000010c       0xb0 build/Interrupt.o
 .debug_frame   0x00000000000001bc       0x8c build/Uart.o
 .debug_frame   0x0000000000000248       0x70 build/Timer.o
 .debug_frame   0x00000000000002b8       0x30 build/stdlib.o
 .debug_frame   0x00000000000002e8       0xac build/stdio.o
 .debug_frame   0x0000000000000394       0x90 build/armcpu.o
 .debug_frame   0x0000000000000424       0xd4 build/task.o
 .debug_frame   0x00000000000004f8       0x48 build/Kernel.o
 .debug_frame   0x0000000000000540       0x20 /usr/share/gcc-arm-none-eabi-9-2020-q2-update/bin/../lib/gcc/arm-none-eabi/9.3.1/libgcc.a(_udivsi3.o)
